src/App.tsx(17,3): error TS2339: Property 'div' does not exist on type 'JSX.IntrinsicElements'.
src/App.tsx(18,5): error TS2339: Property 'h2' does not exist on type 'JSX.IntrinsicElements'.
src/App.tsx(18,85): error TS2339: Property 'h2' does not exist on type 'JSX.IntrinsicElements'.
src/App.tsx(19,5): error TS2339: Property 'div' does not exist on type 'JSX.IntrinsicElements'.
src/App.tsx(20,7): error TS2339: Property 'p' does not exist on type 'JSX.IntrinsicElements'.
src/App.tsx(20,36): error TS2339: Property 'p' does not exist on type 'JSX.IntrinsicElements'.
src/App.tsx(21,7): error TS2339: Property 'p' does not exist on type 'JSX.IntrinsicElements'.
src/App.tsx(21,32): error TS2339: Property 'p' does not exist on type 'JSX.IntrinsicElements'.
src/App.tsx(22,7): error TS2339: Property 'p' does not exist on type 'JSX.IntrinsicElements'.
src/App.tsx(22,43): error TS2339: Property 'p' does not exist on type 'JSX.IntrinsicElements'.
src/App.tsx(23,7): error TS2339: Property 'p' does not exist on type 'JSX.IntrinsicElements'.
src/App.tsx(23,41): error TS2339: Property 'p' does not exist on type 'JSX.IntrinsicElements'.
src/App.tsx(24,5): error TS2339: Property 'div' does not exist on type 'JSX.IntrinsicElements'.
src/App.tsx(25,3): error TS2339: Property 'div' does not exist on type 'JSX.IntrinsicElements'.
src/App.tsx(42,3): error TS2416: Property 'render' in type 'ErrorBoundary' is not assignable to the same property in base type 'Component<{ children: ReactNode; }, { hasError: boolean; error: Error; }, any>'.
  Type '() => Element' is not assignable to type '() => ReactNode'.
    Type 'Element' is not assignable to type 'ReactNode'.
src/App.tsx(45,9): error TS2339: Property 'div' does not exist on type 'JSX.IntrinsicElements'.
src/App.tsx(46,11): error TS2339: Property 'h1' does not exist on type 'JSX.IntrinsicElements'.
src/App.tsx(46,65): error TS2339: Property 'h1' does not exist on type 'JSX.IntrinsicElements'.
src/App.tsx(47,11): error TS2339: Property 'p' does not exist on type 'JSX.IntrinsicElements'.
src/App.tsx(47,75): error TS2339: Property 'p' does not exist on type 'JSX.IntrinsicElements'.
src/App.tsx(48,11): error TS2339: Property 'div' does not exist on type 'JSX.IntrinsicElements'.
src/App.tsx(50,11): error TS2339: Property 'div' does not exist on type 'JSX.IntrinsicElements'.
src/App.tsx(51,11): error TS2339: Property 'button' does not exist on type 'JSX.IntrinsicElements'.
src/App.tsx(56,11): error TS2339: Property 'button' does not exist on type 'JSX.IntrinsicElements'.
src/App.tsx(57,9): error TS2339: Property 'div' does not exist on type 'JSX.IntrinsicElements'.
src/App.tsx(291,9): error TS2339: Property 'div' does not exist on type 'JSX.IntrinsicElements'.
src/App.tsx(291,109): error TS2339: Property 'div' does not exist on type 'JSX.IntrinsicElements'.
src/App.tsx(321,5): error TS2339: Property 'div' does not exist on type 'JSX.IntrinsicElements'.
src/App.tsx(322,7): error TS2339: Property 'div' does not exist on type 'JSX.IntrinsicElements'.
src/App.tsx(322,110): error TS2339: Property 'div' does not exist on type 'JSX.IntrinsicElements'.
src/App.tsx(323,7): error TS2339: Property 'div' does not exist on type 'JSX.IntrinsicElements'.
src/App.tsx(323,88): error TS2339: Property 'div' does not exist on type 'JSX.IntrinsicElements'.
src/App.tsx(324,7): error TS2339: Property 'div' does not exist on type 'JSX.IntrinsicElements'.
src/App.tsx(325,9): error TS2339: Property 'div' does not exist on type 'JSX.IntrinsicElements'.
src/App.tsx(327,9): error TS2339: Property 'div' does not exist on type 'JSX.IntrinsicElements'.
src/App.tsx(329,9): error TS2339: Property 'div' does not exist on type 'JSX.IntrinsicElements'.
src/App.tsx(330,11): error TS2339: Property 'div' does not exist on type 'JSX.IntrinsicElements'.
src/App.tsx(331,13): error TS2339: Property 'button' does not exist on type 'JSX.IntrinsicElements'.
src/App.tsx(331,85): error TS2339: Property 'button' does not exist on type 'JSX.IntrinsicElements'.
src/App.tsx(332,11): error TS2339: Property 'div' does not exist on type 'JSX.IntrinsicElements'.
src/App.tsx(333,11): error TS2339: Property 'div' does not exist on type 'JSX.IntrinsicElements'.
src/App.tsx(335,13): error TS2339: Property 'button' does not exist on type 'JSX.IntrinsicElements'.
src/App.tsx(335,106): error TS2339: Property 'button' does not exist on type 'JSX.IntrinsicElements'.
src/App.tsx(336,11): error TS2339: Property 'div' does not exist on type 'JSX.IntrinsicElements'.
src/App.tsx(337,9): error TS2339: Property 'div' does not exist on type 'JSX.IntrinsicElements'.
src/App.tsx(338,7): error TS2339: Property 'div' does not exist on type 'JSX.IntrinsicElements'.
src/App.tsx(340,7): error TS2339: Property 'div' does not exist on type 'JSX.IntrinsicElements'.
src/App.tsx(341,9): error TS2339: Property 'h2' does not exist on type 'JSX.IntrinsicElements'.
src/App.tsx(341,59): error TS2339: Property 'h2' does not exist on type 'JSX.IntrinsicElements'.
src/App.tsx(343,11): error TS2339: Property 'button' does not exist on type 'JSX.IntrinsicElements'.
src/App.tsx(345,11): error TS2339: Property 'button' does not exist on type 'JSX.IntrinsicElements'.
src/App.tsx(347,7): error TS2339: Property 'div' does not exist on type 'JSX.IntrinsicElements'.
src/App.tsx(348,5): error TS2339: Property 'div' does not exist on type 'JSX.IntrinsicElements'.
src/components/ArcadeLogin.tsx(9,7): error TS2322: Type '({ onLogin }: ArcadeLoginProps) => Element' is not assignable to type 'FC<ArcadeLoginProps>'.
  Type 'Element' is not assignable to type 'ReactNode | Promise<ReactNode>'.
src/components/ArcadeLogin.tsx(65,9): error TS2339: Property 'div' does not exist on type 'JSX.IntrinsicElements'.
src/components/ArcadeLogin.tsx(67,13): error TS2339: Property 'div' does not exist on type 'JSX.IntrinsicElements'.
src/components/ArcadeLogin.tsx(67,91): error TS2339: Property 'div' does not exist on type 'JSX.IntrinsicElements'.
src/components/ArcadeLogin.tsx(68,13): error TS2339: Property 'div' does not exist on type 'JSX.IntrinsicElements'.
src/components/ArcadeLogin.tsx(68,128): error TS2339: Property 'div' does not exist on type 'JSX.IntrinsicElements'.
src/components/ArcadeLogin.tsx(70,13): error TS2339: Property 'div' does not exist on type 'JSX.IntrinsicElements'.
src/components/ArcadeLogin.tsx(71,17): error TS2339: Property 'div' does not exist on type 'JSX.IntrinsicElements'.
src/components/ArcadeLogin.tsx(72,21): error TS2339: Property 'h1' does not exist on type 'JSX.IntrinsicElements'.
src/components/ArcadeLogin.tsx(72,114): error TS2339: Property 'h1' does not exist on type 'JSX.IntrinsicElements'.
src/components/ArcadeLogin.tsx(73,21): error TS2339: Property 'p' does not exist on type 'JSX.IntrinsicElements'.
src/components/ArcadeLogin.tsx(73,97): error TS2339: Property 'p' does not exist on type 'JSX.IntrinsicElements'.
src/components/ArcadeLogin.tsx(74,17): error TS2339: Property 'div' does not exist on type 'JSX.IntrinsicElements'.
src/components/ArcadeLogin.tsx(76,17): error TS2339: Property 'div' does not exist on type 'JSX.IntrinsicElements'.
src/components/ArcadeLogin.tsx(77,21): error TS2339: Property 'div' does not exist on type 'JSX.IntrinsicElements'.
src/components/ArcadeLogin.tsx(78,25): error TS2339: Property 'input' does not exist on type 'JSX.IntrinsicElements'.
src/components/ArcadeLogin.tsx(88,21): error TS2339: Property 'div' does not exist on type 'JSX.IntrinsicElements'.
src/components/ArcadeLogin.tsx(91,25): error TS2339: Property 'div' does not exist on type 'JSX.IntrinsicElements'.
src/components/ArcadeLogin.tsx(93,25): error TS2339: Property 'div' does not exist on type 'JSX.IntrinsicElements'.
src/components/ArcadeLogin.tsx(96,21): error TS2339: Property 'button' does not exist on type 'JSX.IntrinsicElements'.
src/components/ArcadeLogin.tsx(103,21): error TS2339: Property 'button' does not exist on type 'JSX.IntrinsicElements'.
src/components/ArcadeLogin.tsx(105,21): error TS2339: Property 'div' does not exist on type 'JSX.IntrinsicElements'.
src/components/ArcadeLogin.tsx(107,21): error TS2339: Property 'div' does not exist on type 'JSX.IntrinsicElements'.
src/components/ArcadeLogin.tsx(108,17): error TS2339: Property 'div' does not exist on type 'JSX.IntrinsicElements'.
src/components/ArcadeLogin.tsx(109,13): error TS2339: Property 'div' does not exist on type 'JSX.IntrinsicElements'.
src/components/ArcadeLogin.tsx(110,9): error TS2339: Property 'div' does not exist on type 'JSX.IntrinsicElements'.
src/components/Lobby.tsx(12,7): error TS2322: Type '({ onStartPvE, onEnterOnline, nickname }: LobbyProps) => Element' is not assignable to type 'FC<LobbyProps>'.
  Type 'Element' is not assignable to type 'ReactNode | Promise<ReactNode>'.
src/components/Lobby.tsx(50,9): error TS2339: Property 'div' does not exist on type 'JSX.IntrinsicElements'.
src/components/Lobby.tsx(52,13): error TS2339: Property 'div' does not exist on type 'JSX.IntrinsicElements'.
src/components/Lobby.tsx(52,91): error TS2339: Property 'div' does not exist on type 'JSX.IntrinsicElements'.
src/components/Lobby.tsx(53,13): error TS2339: Property 'div' does not exist on type 'JSX.IntrinsicElements'.
src/components/Lobby.tsx(53,39): error TS2339: Property 'div' does not exist on type 'JSX.IntrinsicElements'.
src/components/Lobby.tsx(56,13): error TS2339: Property 'div' does not exist on type 'JSX.IntrinsicElements'.
src/components/Lobby.tsx(57,17): error TS2339: Property 'div' does not exist on type 'JSX.IntrinsicElements'.
src/components/Lobby.tsx(57,107): error TS2339: Property 'div' does not exist on type 'JSX.IntrinsicElements'.
src/components/Lobby.tsx(58,17): error TS2339: Property 'div' does not exist on type 'JSX.IntrinsicElements'.
src/components/Lobby.tsx(59,26): error TS2339: Property 'span' does not exist on type 'JSX.IntrinsicElements'.
src/components/Lobby.tsx(59,85): error TS2339: Property 'span' does not exist on type 'JSX.IntrinsicElements'.
src/components/Lobby.tsx(60,17): error TS2339: Property 'div' does not exist on type 'JSX.IntrinsicElements'.
src/components/Lobby.tsx(61,13): error TS2339: Property 'div' does not exist on type 'JSX.IntrinsicElements'.
src/components/Lobby.tsx(65,13): error TS2339: Property 'button' does not exist on type 'JSX.IntrinsicElements'.
src/components/Lobby.tsx(67,17): error TS2339: Property 'div' does not exist on type 'JSX.IntrinsicElements'.
src/components/Lobby.tsx(68,21): error TS2339: Property 'div' does not exist on type 'JSX.IntrinsicElements'.
src/components/Lobby.tsx(68,138): error TS2339: Property 'div' does not exist on type 'JSX.IntrinsicElements'.
src/components/Lobby.tsx(69,21): error TS2339: Property 'div' does not exist on type 'JSX.IntrinsicElements'.
src/components/Lobby.tsx(69,85): error TS2339: Property 'div' does not exist on type 'JSX.IntrinsicElements'.
src/components/Lobby.tsx(70,17): error TS2339: Property 'div' does not exist on type 'JSX.IntrinsicElements'.
src/components/Lobby.tsx(71,17): error TS2339: Property 'div' does not exist on type 'JSX.IntrinsicElements'.
src/components/Lobby.tsx(71,216): error TS2339: Property 'div' does not exist on type 'JSX.IntrinsicElements'.
src/components/Lobby.tsx(72,13): error TS2339: Property 'button' does not exist on type 'JSX.IntrinsicElements'.
src/components/Lobby.tsx(76,17): error TS2339: Property 'div' does not exist on type 'JSX.IntrinsicElements'.
src/components/Lobby.tsx(77,21): error TS2339: Property 'div' does not exist on type 'JSX.IntrinsicElements'.
src/components/Lobby.tsx(79,25): error TS2339: Property 'div' does not exist on type 'JSX.IntrinsicElements'.
src/components/Lobby.tsx(80,29): error TS2339: Property 'div' does not exist on type 'JSX.IntrinsicElements'.
src/components/Lobby.tsx(81,33): error TS2339: Property 'h2' does not exist on type 'JSX.IntrinsicElements'.
src/components/Lobby.tsx(83,33): error TS2339: Property 'h2' does not exist on type 'JSX.IntrinsicElements'.
src/components/Lobby.tsx(84,33): error TS2339: Property 'p' does not exist on type 'JSX.IntrinsicElements'.
src/components/Lobby.tsx(86,33): error TS2339: Property 'p' does not exist on type 'JSX.IntrinsicElements'.
src/components/Lobby.tsx(87,29): error TS2339: Property 'div' does not exist on type 'JSX.IntrinsicElements'.
src/components/Lobby.tsx(88,29): error TS2339: Property 'button' does not exist on type 'JSX.IntrinsicElements'.
src/components/Lobby.tsx(88,154): error TS2339: Property 'button' does not exist on type 'JSX.IntrinsicElements'.
src/components/Lobby.tsx(89,25): error TS2339: Property 'div' does not exist on type 'JSX.IntrinsicElements'.
src/components/Lobby.tsx(92,25): error TS2339: Property 'div' does not exist on type 'JSX.IntrinsicElements'.
src/components/Lobby.tsx(93,29): error TS2339: Property 'div' does not exist on type 'JSX.IntrinsicElements'.
src/components/Lobby.tsx(95,33): error TS2339: Property 'div' does not exist on type 'JSX.IntrinsicElements'.
src/components/Lobby.tsx(96,37): error TS2339: Property 'h3' does not exist on type 'JSX.IntrinsicElements'.
src/components/Lobby.tsx(97,41): error TS2339: Property 'span' does not exist on type 'JSX.IntrinsicElements'.
src/components/Lobby.tsx(97,61): error TS2339: Property 'span' does not exist on type 'JSX.IntrinsicElements'.
src/components/Lobby.tsx(98,41): error TS2339: Property 'span' does not exist on type 'JSX.IntrinsicElements'.
src/components/Lobby.tsx(98,130): error TS2339: Property 'span' does not exist on type 'JSX.IntrinsicElements'.
src/components/Lobby.tsx(99,37): error TS2339: Property 'h3' does not exist on type 'JSX.IntrinsicElements'.
src/components/Lobby.tsx(100,37): error TS2339: Property 'div' does not exist on type 'JSX.IntrinsicElements'.
src/components/Lobby.tsx(102,45): error TS2339: Property 'div' does not exist on type 'JSX.IntrinsicElements'.
src/components/Lobby.tsx(108,49): error TS2339: Property 'div' does not exist on type 'JSX.IntrinsicElements'.
src/components/Lobby.tsx(109,53): error TS2339: Property 'span' does not exist on type 'JSX.IntrinsicElements'.
src/components/Lobby.tsx(109,105): error TS2339: Property 'span' does not exist on type 'JSX.IntrinsicElements'.
src/components/Lobby.tsx(110,80): error TS2339: Property 'span' does not exist on type 'JSX.IntrinsicElements'.
src/components/Lobby.tsx(110,170): error TS2339: Property 'span' does not exist on type 'JSX.IntrinsicElements'.
src/components/Lobby.tsx(111,49): error TS2339: Property 'div' does not exist on type 'JSX.IntrinsicElements'.
src/components/Lobby.tsx(112,49): error TS2339: Property 'div' does not exist on type 'JSX.IntrinsicElements'.
src/components/Lobby.tsx(112,114): error TS2339: Property 'div' does not exist on type 'JSX.IntrinsicElements'.
src/components/Lobby.tsx(113,45): error TS2339: Property 'div' does not exist on type 'JSX.IntrinsicElements'.
src/components/Lobby.tsx(115,37): error TS2339: Property 'div' does not exist on type 'JSX.IntrinsicElements'.
src/components/Lobby.tsx(116,33): error TS2339: Property 'div' does not exist on type 'JSX.IntrinsicElements'.
src/components/Lobby.tsx(119,33): error TS2339: Property 'div' does not exist on type 'JSX.IntrinsicElements'.
src/components/Lobby.tsx(120,37): error TS2339: Property 'h3' does not exist on type 'JSX.IntrinsicElements'.
src/components/Lobby.tsx(121,41): error TS2339: Property 'span' does not exist on type 'JSX.IntrinsicElements'.
src/components/Lobby.tsx(121,60): error TS2339: Property 'span' does not exist on type 'JSX.IntrinsicElements'.
src/components/Lobby.tsx(122,41): error TS2339: Property 'span' does not exist on type 'JSX.IntrinsicElements'.
src/components/Lobby.tsx(122,127): error TS2339: Property 'span' does not exist on type 'JSX.IntrinsicElements'.
src/components/Lobby.tsx(123,37): error TS2339: Property 'h3' does not exist on type 'JSX.IntrinsicElements'.
src/components/Lobby.tsx(124,37): error TS2339: Property 'div' does not exist on type 'JSX.IntrinsicElements'.
src/components/Lobby.tsx(126,45): error TS2339: Property 'div' does not exist on type 'JSX.IntrinsicElements'.
src/components/Lobby.tsx(132,49): error TS2339: Property 'div' does not exist on type 'JSX.IntrinsicElements'.
src/components/Lobby.tsx(133,53): error TS2339: Property 'span' does not exist on type 'JSX.IntrinsicElements'.
src/components/Lobby.tsx(133,105): error TS2339: Property 'span' does not exist on type 'JSX.IntrinsicElements'.
src/components/Lobby.tsx(134,80): error TS2339: Property 'span' does not exist on type 'JSX.IntrinsicElements'.
src/components/Lobby.tsx(134,169): error TS2339: Property 'span' does not exist on type 'JSX.IntrinsicElements'.
src/components/Lobby.tsx(135,49): error TS2339: Property 'div' does not exist on type 'JSX.IntrinsicElements'.
src/components/Lobby.tsx(136,49): error TS2339: Property 'div' does not exist on type 'JSX.IntrinsicElements'.
src/components/Lobby.tsx(136,114): error TS2339: Property 'div' does not exist on type 'JSX.IntrinsicElements'.
src/components/Lobby.tsx(137,45): error TS2339: Property 'div' does not exist on type 'JSX.IntrinsicElements'.
src/components/Lobby.tsx(139,37): error TS2339: Property 'div' does not exist on type 'JSX.IntrinsicElements'.
src/components/Lobby.tsx(140,33): error TS2339: Property 'div' does not exist on type 'JSX.IntrinsicElements'.
src/components/Lobby.tsx(141,29): error TS2339: Property 'div' does not exist on type 'JSX.IntrinsicElements'.
src/components/Lobby.tsx(142,25): error TS2339: Property 'div' does not exist on type 'JSX.IntrinsicElements'.
src/components/Lobby.tsx(145,25): error TS2339: Property 'div' does not exist on type 'JSX.IntrinsicElements'.
src/components/Lobby.tsx(146,29): error TS2339: Property 'div' does not exist on type 'JSX.IntrinsicElements'.
src/components/Lobby.tsx(148,29): error TS2339: Property 'div' does not exist on type 'JSX.IntrinsicElements'.
src/components/Lobby.tsx(149,29): error TS2339: Property 'button' does not exist on type 'JSX.IntrinsicElements'.
src/components/Lobby.tsx(154,29): error TS2339: Property 'button' does not exist on type 'JSX.IntrinsicElements'.
src/components/Lobby.tsx(155,25): error TS2339: Property 'div' does not exist on type 'JSX.IntrinsicElements'.
src/components/Lobby.tsx(156,21): error TS2339: Property 'div' does not exist on type 'JSX.IntrinsicElements'.
src/components/Lobby.tsx(157,17): error TS2339: Property 'div' does not exist on type 'JSX.IntrinsicElements'.
src/components/Lobby.tsx(162,17): error TS2339: Property 'div' does not exist on type 'JSX.IntrinsicElements'.
src/components/Lobby.tsx(167,21): error TS2339: Property 'div' does not exist on type 'JSX.IntrinsicElements'.
src/components/Lobby.tsx(168,25): error TS2339: Property 'div' does not exist on type 'JSX.IntrinsicElements'.
src/components/Lobby.tsx(169,29): error TS2339: Property 'div' does not exist on type 'JSX.IntrinsicElements'.
src/components/Lobby.tsx(169,122): error TS2339: Property 'div' does not exist on type 'JSX.IntrinsicElements'.
src/components/Lobby.tsx(170,25): error TS2339: Property 'div' does not exist on type 'JSX.IntrinsicElements'.
src/components/Lobby.tsx(171,25): error TS2339: Property 'div' does not exist on type 'JSX.IntrinsicElements'.
src/components/Lobby.tsx(172,29): error TS2339: Property 'h3' does not exist on type 'JSX.IntrinsicElements'.
src/components/Lobby.tsx(172,137): error TS2339: Property 'h3' does not exist on type 'JSX.IntrinsicElements'.
src/components/Lobby.tsx(173,29): error TS2339: Property 'p' does not exist on type 'JSX.IntrinsicElements'.
src/components/Lobby.tsx(173,115): error TS2339: Property 'p' does not exist on type 'JSX.IntrinsicElements'.
src/components/Lobby.tsx(174,25): error TS2339: Property 'div' does not exist on type 'JSX.IntrinsicElements'.
src/components/Lobby.tsx(175,25): error TS2339: Property 'p' does not exist on type 'JSX.IntrinsicElements'.
src/components/Lobby.tsx(177,25): error TS2339: Property 'p' does not exist on type 'JSX.IntrinsicElements'.
src/components/Lobby.tsx(178,25): error TS2339: Property 'div' does not exist on type 'JSX.IntrinsicElements'.
src/components/Lobby.tsx(179,29): error TS2339: Property 'div' does not exist on type 'JSX.IntrinsicElements'.
src/components/Lobby.tsx(180,33): error TS2339: Property 'span' does not exist on type 'JSX.IntrinsicElements'.
src/components/Lobby.tsx(180,163): error TS2339: Property 'span' does not exist on type 'JSX.IntrinsicElements'.
src/components/Lobby.tsx(181,29): error TS2339: Property 'div' does not exist on type 'JSX.IntrinsicElements'.
src/components/Lobby.tsx(182,29): error TS2339: Property 'h4' does not exist on type 'JSX.IntrinsicElements'.
src/components/Lobby.tsx(182,122): error TS2339: Property 'h4' does not exist on type 'JSX.IntrinsicElements'.
src/components/Lobby.tsx(183,29): error TS2339: Property 'p' does not exist on type 'JSX.IntrinsicElements'.
src/components/Lobby.tsx(185,29): error TS2339: Property 'p' does not exist on type 'JSX.IntrinsicElements'.
src/components/Lobby.tsx(186,25): error TS2339: Property 'div' does not exist on type 'JSX.IntrinsicElements'.
src/components/Lobby.tsx(187,25): error TS2339: Property 'div' does not exist on type 'JSX.IntrinsicElements'.
src/components/Lobby.tsx(188,29): error TS2339: Property 'div' does not exist on type 'JSX.IntrinsicElements'.
src/components/Lobby.tsx(189,33): error TS2339: Property 'span' does not exist on type 'JSX.IntrinsicElements'.
src/components/Lobby.tsx(189,167): error TS2339: Property 'span' does not exist on type 'JSX.IntrinsicElements'.
src/components/Lobby.tsx(190,29): error TS2339: Property 'div' does not exist on type 'JSX.IntrinsicElements'.
src/components/Lobby.tsx(191,29): error TS2339: Property 'h4' does not exist on type 'JSX.IntrinsicElements'.
src/components/Lobby.tsx(191,123): error TS2339: Property 'h4' does not exist on type 'JSX.IntrinsicElements'.
src/components/Lobby.tsx(192,29): error TS2339: Property 'p' does not exist on type 'JSX.IntrinsicElements'.
src/components/Lobby.tsx(194,29): error TS2339: Property 'p' does not exist on type 'JSX.IntrinsicElements'.
src/components/Lobby.tsx(195,25): error TS2339: Property 'div' does not exist on type 'JSX.IntrinsicElements'.
src/components/Lobby.tsx(196,25): error TS2339: Property 'div' does not exist on type 'JSX.IntrinsicElements'.
src/components/Lobby.tsx(197,29): error TS2339: Property 'button' does not exist on type 'JSX.IntrinsicElements'.
src/components/Lobby.tsx(199,29): error TS2339: Property 'button' does not exist on type 'JSX.IntrinsicElements'.
src/components/Lobby.tsx(200,25): error TS2339: Property 'div' does not exist on type 'JSX.IntrinsicElements'.
src/components/Lobby.tsx(201,21): error TS2339: Property 'div' does not exist on type 'JSX.IntrinsicElements'.
src/components/Lobby.tsx(202,17): error TS2339: Property 'div' does not exist on type 'JSX.IntrinsicElements'.
src/components/Lobby.tsx(207,17): error TS2339: Property 'div' does not exist on type 'JSX.IntrinsicElements'.
src/components/Lobby.tsx(208,21): error TS2339: Property 'div' does not exist on type 'JSX.IntrinsicElements'.
src/components/Lobby.tsx(210,25): error TS2339: Property 'div' does not exist on type 'JSX.IntrinsicElements'.
src/components/Lobby.tsx(211,29): error TS2339: Property 'h2' does not exist on type 'JSX.IntrinsicElements'.
src/components/Lobby.tsx(213,29): error TS2339: Property 'h2' does not exist on type 'JSX.IntrinsicElements'.
src/components/Lobby.tsx(214,29): error TS2339: Property 'button' does not exist on type 'JSX.IntrinsicElements'.
src/components/Lobby.tsx(214,222): error TS2339: Property 'button' does not exist on type 'JSX.IntrinsicElements'.
src/components/Lobby.tsx(215,25): error TS2339: Property 'div' does not exist on type 'JSX.IntrinsicElements'.
src/components/Lobby.tsx(216,25): error TS2339: Property 'div' does not exist on type 'JSX.IntrinsicElements'.
src/components/Lobby.tsx(218,29): error TS2339: Property 'section' does not exist on type 'JSX.IntrinsicElements'.
src/components/Lobby.tsx(219,33): error TS2339: Property 'h3' does not exist on type 'JSX.IntrinsicElements'.
src/components/Lobby.tsx(220,37): error TS2339: Property 'span' does not exist on type 'JSX.IntrinsicElements'.
src/components/Lobby.tsx(220,75): error TS2339: Property 'span' does not exist on type 'JSX.IntrinsicElements'.
src/components/Lobby.tsx(221,33): error TS2339: Property 'h3' does not exist on type 'JSX.IntrinsicElements'.
src/components/Lobby.tsx(222,33): error TS2339: Property 'div' does not exist on type 'JSX.IntrinsicElements'.
src/components/Lobby.tsx(223,46): error TS2339: Property 'strong' does not exist on type 'JSX.IntrinsicElements'.
src/components/Lobby.tsx(223,89): error TS2339: Property 'strong' does not exist on type 'JSX.IntrinsicElements'.
src/components/Lobby.tsx(224,33): error TS2339: Property 'div' does not exist on type 'JSX.IntrinsicElements'.
src/components/Lobby.tsx(225,29): error TS2339: Property 'section' does not exist on type 'JSX.IntrinsicElements'.
src/components/Lobby.tsx(227,29): error TS2339: Property 'section' does not exist on type 'JSX.IntrinsicElements'.
src/components/Lobby.tsx(228,33): error TS2339: Property 'div' does not exist on type 'JSX.IntrinsicElements'.
src/components/Lobby.tsx(230,33): error TS2339: Property 'div' does not exist on type 'JSX.IntrinsicElements'.
src/components/Lobby.tsx(231,29): error TS2339: Property 'section' does not exist on type 'JSX.IntrinsicElements'.
src/components/Lobby.tsx(232,25): error TS2339: Property 'div' does not exist on type 'JSX.IntrinsicElements'.
src/components/Lobby.tsx(233,21): error TS2339: Property 'div' does not exist on type 'JSX.IntrinsicElements'.
src/components/Lobby.tsx(234,17): error TS2339: Property 'div' does not exist on type 'JSX.IntrinsicElements'.
src/components/Lobby.tsx(237,13): error TS2339: Property 'div' does not exist on type 'JSX.IntrinsicElements'.
src/components/Lobby.tsx(239,17): error TS2339: Property 'div' does not exist on type 'JSX.IntrinsicElements'.
src/components/Lobby.tsx(240,21): error TS2339: Property 'h1' does not exist on type 'JSX.IntrinsicElements'.
src/components/Lobby.tsx(242,21): error TS2339: Property 'h1' does not exist on type 'JSX.IntrinsicElements'.
src/components/Lobby.tsx(243,21): error TS2339: Property 'h2' does not exist on type 'JSX.IntrinsicElements'.
src/components/Lobby.tsx(245,21): error TS2339: Property 'h2' does not exist on type 'JSX.IntrinsicElements'.
src/components/Lobby.tsx(246,21): error TS2339: Property 'div' does not exist on type 'JSX.IntrinsicElements'.
src/components/Lobby.tsx(247,25): error TS2339: Property 'div' does not exist on type 'JSX.IntrinsicElements'.
src/components/Lobby.tsx(247,101): error TS2339: Property 'div' does not exist on type 'JSX.IntrinsicElements'.
src/components/Lobby.tsx(248,25): error TS2339: Property 'span' does not exist on type 'JSX.IntrinsicElements'.
src/components/Lobby.tsx(248,123): error TS2339: Property 'span' does not exist on type 'JSX.IntrinsicElements'.
src/components/Lobby.tsx(249,25): error TS2339: Property 'div' does not exist on type 'JSX.IntrinsicElements'.
src/components/Lobby.tsx(249,101): error TS2339: Property 'div' does not exist on type 'JSX.IntrinsicElements'.
src/components/Lobby.tsx(250,21): error TS2339: Property 'div' does not exist on type 'JSX.IntrinsicElements'.
src/components/Lobby.tsx(251,17): error TS2339: Property 'div' does not exist on type 'JSX.IntrinsicElements'.
src/components/Lobby.tsx(255,17): error TS2339: Property 'div' does not exist on type 'JSX.IntrinsicElements'.
src/components/Lobby.tsx(256,21): error TS2339: Property 'h3' does not exist on type 'JSX.IntrinsicElements'.
src/components/Lobby.tsx(256,126): error TS2339: Property 'h3' does not exist on type 'JSX.IntrinsicElements'.
src/components/Lobby.tsx(257,21): error TS2339: Property 'div' does not exist on type 'JSX.IntrinsicElements'.
src/components/Lobby.tsx(263,29): error TS2339: Property 'button' does not exist on type 'JSX.IntrinsicElements'.
src/components/Lobby.tsx(269,33): error TS2339: Property 'div' does not exist on type 'JSX.IntrinsicElements'.
src/components/Lobby.tsx(269,105): error TS2339: Property 'div' does not exist on type 'JSX.IntrinsicElements'.
src/components/Lobby.tsx(270,33): error TS2339: Property 'div' does not exist on type 'JSX.IntrinsicElements'.
src/components/Lobby.tsx(270,148): error TS2339: Property 'div' does not exist on type 'JSX.IntrinsicElements'.
src/components/Lobby.tsx(271,33): error TS2339: Property 'div' does not exist on type 'JSX.IntrinsicElements'.
src/components/Lobby.tsx(271,103): error TS2339: Property 'div' does not exist on type 'JSX.IntrinsicElements'.
src/components/Lobby.tsx(272,62): error TS2339: Property 'div' does not exist on type 'JSX.IntrinsicElements'.
src/components/Lobby.tsx(272,174): error TS2339: Property 'div' does not exist on type 'JSX.IntrinsicElements'.
src/components/Lobby.tsx(273,29): error TS2339: Property 'button' does not exist on type 'JSX.IntrinsicElements'.
src/components/Lobby.tsx(275,21): error TS2339: Property 'div' does not exist on type 'JSX.IntrinsicElements'.
src/components/Lobby.tsx(276,17): error TS2339: Property 'div' does not exist on type 'JSX.IntrinsicElements'.
src/components/Lobby.tsx(279,17): error TS2339: Property 'div' does not exist on type 'JSX.IntrinsicElements'.
src/components/Lobby.tsx(281,21): error TS2339: Property 'div' does not exist on type 'JSX.IntrinsicElements'.
src/components/Lobby.tsx(285,25): error TS2339: Property 'div' does not exist on type 'JSX.IntrinsicElements'.
src/components/Lobby.tsx(285,114): error TS2339: Property 'div' does not exist on type 'JSX.IntrinsicElements'.
src/components/Lobby.tsx(286,25): error TS2339: Property 'div' does not exist on type 'JSX.IntrinsicElements'.
src/components/Lobby.tsx(286,115): error TS2339: Property 'div' does not exist on type 'JSX.IntrinsicElements'.
src/components/Lobby.tsx(287,25): error TS2339: Property 'h3' does not exist on type 'JSX.IntrinsicElements'.
src/components/Lobby.tsx(287,148): error TS2339: Property 'h3' does not exist on type 'JSX.IntrinsicElements'.
src/components/Lobby.tsx(288,25): error TS2339: Property 'p' does not exist on type 'JSX.IntrinsicElements'.
src/components/Lobby.tsx(289,39): error TS2339: Property 'br' does not exist on type 'JSX.IntrinsicElements'.
src/components/Lobby.tsx(290,25): error TS2339: Property 'p' does not exist on type 'JSX.IntrinsicElements'.
src/components/Lobby.tsx(293,25): error TS2339: Property 'div' does not exist on type 'JSX.IntrinsicElements'.
src/components/Lobby.tsx(295,33): error TS2339: Property 'button' does not exist on type 'JSX.IntrinsicElements'.
src/components/Lobby.tsx(302,33): error TS2339: Property 'button' does not exist on type 'JSX.IntrinsicElements'.
src/components/Lobby.tsx(304,25): error TS2339: Property 'div' does not exist on type 'JSX.IntrinsicElements'.
src/components/Lobby.tsx(306,25): error TS2339: Property 'div' does not exist on type 'JSX.IntrinsicElements'.
src/components/Lobby.tsx(307,37): error TS2339: Property 'span' does not exist on type 'JSX.IntrinsicElements'.
src/components/Lobby.tsx(307,64): error TS2339: Property 'span' does not exist on type 'JSX.IntrinsicElements'.
src/components/Lobby.tsx(308,25): error TS2339: Property 'div' does not exist on type 'JSX.IntrinsicElements'.
src/components/Lobby.tsx(309,21): error TS2339: Property 'div' does not exist on type 'JSX.IntrinsicElements'.
src/components/Lobby.tsx(312,21): error TS2339: Property 'div' does not exist on type 'JSX.IntrinsicElements'.
src/components/Lobby.tsx(316,25): error TS2339: Property 'div' does not exist on type 'JSX.IntrinsicElements'.
src/components/Lobby.tsx(316,117): error TS2339: Property 'div' does not exist on type 'JSX.IntrinsicElements'.
src/components/Lobby.tsx(317,25): error TS2339: Property 'div' does not exist on type 'JSX.IntrinsicElements'.
src/components/Lobby.tsx(317,118): error TS2339: Property 'div' does not exist on type 'JSX.IntrinsicElements'.
src/components/Lobby.tsx(318,25): error TS2339: Property 'h3' does not exist on type 'JSX.IntrinsicElements'.
src/components/Lobby.tsx(318,151): error TS2339: Property 'h3' does not exist on type 'JSX.IntrinsicElements'.
src/components/Lobby.tsx(319,25): error TS2339: Property 'p' does not exist on type 'JSX.IntrinsicElements'.
src/components/Lobby.tsx(320,38): error TS2339: Property 'br' does not exist on type 'JSX.IntrinsicElements'.
src/components/Lobby.tsx(321,25): error TS2339: Property 'p' does not exist on type 'JSX.IntrinsicElements'.
src/components/Lobby.tsx(323,25): error TS2339: Property 'div' does not exist on type 'JSX.IntrinsicElements'.
src/components/Lobby.tsx(324,36): error TS2339: Property 'span' does not exist on type 'JSX.IntrinsicElements'.
src/components/Lobby.tsx(324,63): error TS2339: Property 'span' does not exist on type 'JSX.IntrinsicElements'.
src/components/Lobby.tsx(325,25): error TS2339: Property 'div' does not exist on type 'JSX.IntrinsicElements'.
src/components/Lobby.tsx(326,21): error TS2339: Property 'div' does not exist on type 'JSX.IntrinsicElements'.
src/components/Lobby.tsx(327,17): error TS2339: Property 'div' does not exist on type 'JSX.IntrinsicElements'.
src/components/Lobby.tsx(328,13): error TS2339: Property 'div' does not exist on type 'JSX.IntrinsicElements'.
src/components/Lobby.tsx(329,9): error TS2339: Property 'div' does not exist on type 'JSX.IntrinsicElements'.
src/components/OnlineLobby.tsx(20,7): error TS2322: Type '({ playerId, onJoinGame, onBack }: OnlineLobbyProps) => Element' is not assignable to type 'FC<OnlineLobbyProps>'.
  Type 'Element' is not assignable to type 'ReactNode | Promise<ReactNode>'.
src/components/OnlineLobby.tsx(131,9): error TS2339: Property 'div' does not exist on type 'JSX.IntrinsicElements'.
src/components/OnlineLobby.tsx(132,13): error TS2339: Property 'div' does not exist on type 'JSX.IntrinsicElements'.
src/components/OnlineLobby.tsx(132,91): error TS2339: Property 'div' does not exist on type 'JSX.IntrinsicElements'.
src/components/OnlineLobby.tsx(135,13): error TS2339: Property 'div' does not exist on type 'JSX.IntrinsicElements'.
src/components/OnlineLobby.tsx(136,17): error TS2339: Property 'button' does not exist on type 'JSX.IntrinsicElements'.
src/components/OnlineLobby.tsx(138,17): error TS2339: Property 'button' does not exist on type 'JSX.IntrinsicElements'.
src/components/OnlineLobby.tsx(139,17): error TS2339: Property 'div' does not exist on type 'JSX.IntrinsicElements'.
src/components/OnlineLobby.tsx(140,21): error TS2339: Property 'h2' does not exist on type 'JSX.IntrinsicElements'.
src/components/OnlineLobby.tsx(140,112): error TS2339: Property 'h2' does not exist on type 'JSX.IntrinsicElements'.
src/components/OnlineLobby.tsx(141,21): error TS2339: Property 'p' does not exist on type 'JSX.IntrinsicElements'.
src/components/OnlineLobby.tsx(141,89): error TS2339: Property 'p' does not exist on type 'JSX.IntrinsicElements'.
src/components/OnlineLobby.tsx(142,17): error TS2339: Property 'div' does not exist on type 'JSX.IntrinsicElements'.
src/components/OnlineLobby.tsx(143,13): error TS2339: Property 'div' does not exist on type 'JSX.IntrinsicElements'.
src/components/OnlineLobby.tsx(145,13): error TS2339: Property 'div' does not exist on type 'JSX.IntrinsicElements'.
src/components/OnlineLobby.tsx(147,17): error TS2339: Property 'div' does not exist on type 'JSX.IntrinsicElements'.
src/components/OnlineLobby.tsx(148,21): error TS2339: Property 'div' does not exist on type 'JSX.IntrinsicElements'.
src/components/OnlineLobby.tsx(149,25): error TS2339: Property 'span' does not exist on type 'JSX.IntrinsicElements'.
src/components/OnlineLobby.tsx(149,54): error TS2339: Property 'span' does not exist on type 'JSX.IntrinsicElements'.
src/components/OnlineLobby.tsx(150,21): error TS2339: Property 'div' does not exist on type 'JSX.IntrinsicElements'.
src/components/OnlineLobby.tsx(151,21): error TS2339: Property 'h3' does not exist on type 'JSX.IntrinsicElements'.
src/components/OnlineLobby.tsx(151,78): error TS2339: Property 'h3' does not exist on type 'JSX.IntrinsicElements'.
src/components/OnlineLobby.tsx(152,21): error TS2339: Property 'p' does not exist on type 'JSX.IntrinsicElements'.
src/components/OnlineLobby.tsx(154,21): error TS2339: Property 'p' does not exist on type 'JSX.IntrinsicElements'.
src/components/OnlineLobby.tsx(155,21): error TS2339: Property 'button' does not exist on type 'JSX.IntrinsicElements'.
src/components/OnlineLobby.tsx(162,21): error TS2339: Property 'button' does not exist on type 'JSX.IntrinsicElements'.
src/components/OnlineLobby.tsx(163,17): error TS2339: Property 'div' does not exist on type 'JSX.IntrinsicElements'.
src/components/OnlineLobby.tsx(166,17): error TS2339: Property 'div' does not exist on type 'JSX.IntrinsicElements'.
src/components/OnlineLobby.tsx(167,21): error TS2339: Property 'h3' does not exist on type 'JSX.IntrinsicElements'.
src/components/OnlineLobby.tsx(168,25): error TS2339: Property 'span' does not exist on type 'JSX.IntrinsicElements'.
src/components/OnlineLobby.tsx(168,93): error TS2339: Property 'span' does not exist on type 'JSX.IntrinsicElements'.
src/components/OnlineLobby.tsx(170,21): error TS2339: Property 'h3' does not exist on type 'JSX.IntrinsicElements'.
src/components/OnlineLobby.tsx(172,21): error TS2339: Property 'div' does not exist on type 'JSX.IntrinsicElements'.
src/components/OnlineLobby.tsx(174,29): error TS2339: Property 'div' does not exist on type 'JSX.IntrinsicElements'.
src/components/OnlineLobby.tsx(175,33): error TS2339: Property 'span' does not exist on type 'JSX.IntrinsicElements'.
src/components/OnlineLobby.tsx(175,67): error TS2339: Property 'span' does not exist on type 'JSX.IntrinsicElements'.
src/components/OnlineLobby.tsx(176,33): error TS2339: Property 'span' does not exist on type 'JSX.IntrinsicElements'.
src/components/OnlineLobby.tsx(176,78): error TS2339: Property 'span' does not exist on type 'JSX.IntrinsicElements'.
src/components/OnlineLobby.tsx(177,29): error TS2339: Property 'div' does not exist on type 'JSX.IntrinsicElements'.
src/components/OnlineLobby.tsx(180,33): error TS2339: Property 'div' does not exist on type 'JSX.IntrinsicElements'.
src/components/OnlineLobby.tsx(181,37): error TS2339: Property 'div' does not exist on type 'JSX.IntrinsicElements'.
src/components/OnlineLobby.tsx(182,41): error TS2339: Property 'div' does not exist on type 'JSX.IntrinsicElements'.
src/components/OnlineLobby.tsx(184,41): error TS2339: Property 'div' does not exist on type 'JSX.IntrinsicElements'.
src/components/OnlineLobby.tsx(185,41): error TS2339: Property 'div' does not exist on type 'JSX.IntrinsicElements'.
src/components/OnlineLobby.tsx(186,45): error TS2339: Property 'div' does not exist on type 'JSX.IntrinsicElements'.
src/components/OnlineLobby.tsx(186,91): error TS2339: Property 'div' does not exist on type 'JSX.IntrinsicElements'.
src/components/OnlineLobby.tsx(187,45): error TS2339: Property 'div' does not exist on type 'JSX.IntrinsicElements'.
src/components/OnlineLobby.tsx(188,49): error TS2339: Property 'span' does not exist on type 'JSX.IntrinsicElements'.
src/components/OnlineLobby.tsx(188,106): error TS2339: Property 'span' does not exist on type 'JSX.IntrinsicElements'.
src/components/OnlineLobby.tsx(190,45): error TS2339: Property 'div' does not exist on type 'JSX.IntrinsicElements'.
src/components/OnlineLobby.tsx(191,41): error TS2339: Property 'div' does not exist on type 'JSX.IntrinsicElements'.
src/components/OnlineLobby.tsx(192,37): error TS2339: Property 'div' does not exist on type 'JSX.IntrinsicElements'.
src/components/OnlineLobby.tsx(193,37): error TS2339: Property 'button' does not exist on type 'JSX.IntrinsicElements'.
src/components/OnlineLobby.tsx(199,37): error TS2339: Property 'button' does not exist on type 'JSX.IntrinsicElements'.
src/components/OnlineLobby.tsx(200,33): error TS2339: Property 'div' does not exist on type 'JSX.IntrinsicElements'.
src/components/OnlineLobby.tsx(203,21): error TS2339: Property 'div' does not exist on type 'JSX.IntrinsicElements'.
src/components/OnlineLobby.tsx(204,17): error TS2339: Property 'div' does not exist on type 'JSX.IntrinsicElements'.
src/components/OnlineLobby.tsx(205,13): error TS2339: Property 'div' does not exist on type 'JSX.IntrinsicElements'.
src/components/OnlineLobby.tsx(206,9): error TS2339: Property 'div' does not exist on type 'JSX.IntrinsicElements'.
src/lib/supabase.ts(1,30): error TS2792: Cannot find module '@supabase/supabase-js'. Did you mean to set the 'moduleResolution' option to 'nodenext', or to add aliases to the 'paths' option?
src/lib/supabase.ts(4,33): error TS2339: Property 'env' does not exist on type 'ImportMeta'.
src/lib/supabase.ts(5,37): error TS2339: Property 'env' does not exist on type 'ImportMeta'.
